#-----------------------------------------------------------
# Vivado v2016.4 (64-bit)
# SW Build 1756540 on Mon Jan 23 19:11:23 MST 2017
# IP Build 1755317 on Mon Jan 23 20:30:07 MST 2017
# Start of session at: Sun Jun 25 20:06:20 2017
# Process ID: 4852
# Current directory: C:/Users/Eduardo Yoshida/Documents/GitHub/PED
# Command line: vivado.exe -gui_launcher_event rodinguilauncherevent4784 C:\Users\Eduardo Yoshida\Documents\GitHub\PED\projeto_fish.xpr
# Log file: C:/Users/Eduardo Yoshida/Documents/GitHub/PED/vivado.log
# Journal file: C:/Users/Eduardo Yoshida/Documents/GitHub/PED\vivado.jou
#-----------------------------------------------------------
start_guioopen_project {C:/Users/Eduardo Yoshida/Documents/GitHub/PED/projeto_fish.xpr}
close [ open {C:/Users/Eduardo Yoshida/Documents/GitHub/PED/projeto_fish.srcs/sources_1/new/BinBCD.vhd} w ]
add_files {{C:/Users/Eduardo Yoshida/Documents/GitHub/PED/projeto_fish.srcs/sources_1/new/BinBCD.vhd}}
close [ open {C:/Users/Eduardo Yoshida/Documents/GitHub/PED/projeto_fish.srcs/sources_1/new/BCD_7seg.vhd} w ]
add_files {{C:/Users/Eduardo Yoshida/Documents/GitHub/PED/projeto_fish.srcs/sources_1/new/BCD_7seg.vhd}}
