#-----------------------------------------------------------
# Vivado v2016.4 (64-bit)
# SW Build 1756540 on Mon Jan 23 19:11:23 MST 2017
# IP Build 1755317 on Mon Jan 23 20:30:07 MST 2017
# Start of session at: Sun Jun 25 12:38:28 2017
# Process ID: 8012
# Current directory: C:/Users/Gustavo Linhares/Desktop/PED-Coeficientes
# Command line: vivado.exe -gui_launcher_event rodinguilauncherevent9436 C:\Users\Gustavo Linhares\Desktop\PED-Coeficientes\projeto_fish.xpr
# Log file: C:/Users/Gustavo Linhares/Desktop/PED-Coeficientes/vivado.log
# Journal file: C:/Users/Gustavo Linhares/Desktop/PED-Coeficientes\vivado.jou
#-----------------------------------------------------------
start_gui
open_project {C:/Users/Gustavo Linhares/Desktop/PED-Coeficientes/projeto_fish.xpr}
# Disabling source management mode.  This is to allow the top design properties to be set without GUI intervention.
set_property source_mgmt_mode None [current_project]
set_property top Demux9x1 [current_fileset]
# Re-enabling previously disabled source management mode.
set_property source_mgmt_mode All [current_project]
launch_simulation
source Main.tcl
# Disabling source management mode.  This is to allow the top design properties to be set without GUI intervention.
set_property source_mgmt_mode None [current_project]
set_property top Demux9x1 [get_filesets sim_1]
set_property top_lib xil_defaultlib [get_filesets sim_1]
# Re-enabling previously disabled source management mode.
set_property source_mgmt_mode All [current_project]
launch_simulation
source Demux9x1.tcl
close_sim
close_sim
